// Jest Snapshot v1, https://goo.gl/fbAQLP

exports[`should match snapshot 1`] = `
<DocumentFragment>
  <div
    class="Todo"
  >
    <p />
    <button
      class="Todo_button"
      type="button"
    >
      X
    </button>
  </div>
</DocumentFragment>
`;
